
> spike-08-contract-runtime@0.1.0 tauri:build:smoke /home/runner/work/vibestation/vibestation/docs/spikes/code/SPIKE-08
> tauri build --debug --no-bundle

        Info Looking up installed tauri packages to check mismatched versions...
     Running beforeBuildCommand `pnpm build`

> spike-08-contract-runtime@0.1.0 build /home/runner/work/vibestation/vibestation/docs/spikes/code/SPIKE-08
> pnpm contract:generate && pnpm build:web


> spike-08-contract-runtime@0.1.0 contract:generate /home/runner/work/vibestation/vibestation/docs/spikes/code/SPIKE-08
> cargo build --manifest-path src-tauri/Cargo.toml

[1m[92m    Updating[0m crates.io index
[1m[92m Downloading[0m crates ...
[1m[92m  Downloaded[0m alloc-no-stdlib v2.0.4
[1m[92m  Downloaded[0m alloc-stdlib v0.2.2
[1m[92m  Downloaded[0m adler2 v2.0.1
[1m[92m  Downloaded[0m atk v0.18.2
[1m[92m  Downloaded[0m anyhow v1.0.102
[1m[92m  Downloaded[0m bitflags v1.3.2
[1m[92m  Downloaded[0m base64 v0.22.1
[1m[92m  Downloaded[0m darling_macro v0.23.0
[1m[92m  Downloaded[0m aho-corasick v1.1.4
[1m[92m  Downloaded[0m ident_case v1.0.1
[1m[92m  Downloaded[0m gdk-pixbuf-sys v0.18.0
[1m[92m  Downloaded[0m futures-task v0.3.32
[1m[92m  Downloaded[0m phf_generator v0.8.0
[1m[92m  Downloaded[0m javascriptcore-rs-sys v1.1.1
[1m[92m  Downloaded[0m gdkx11 v0.18.2
[1m[92m  Downloaded[0m option-ext v0.2.0
[1m[92m  Downloaded[0m generic-array v0.14.7
[1m[92m  Downloaded[0m futures-macro v0.3.32
[1m[92m  Downloaded[0m heck v0.5.0
[1m[92m  Downloaded[0m gtk3-macros v0.18.2
[1m[92m  Downloaded[0m find-msvc-tools v0.1.9
[1m[92m  Downloaded[0m phf v0.10.1
[1m[92m  Downloaded[0m mime v0.3.17
[1m[92m  Downloaded[0m cssparser-macros v0.6.1
[1m[92m  Downloaded[0m phf_codegen v0.8.0
[1m[92m  Downloaded[0m cfg-if v1.0.4
[1m[92m  Downloaded[0m phf v0.8.0
[1m[92m  Downloaded[0m same-file v1.0.6
[1m[92m  Downloaded[0m cargo_metadata v0.19.2
[1m[92m  Downloaded[0m icu_properties v2.2.0
[1m[92m  Downloaded[0m equivalent v1.0.2
[1m[92m  Downloaded[0m serialize-to-javascript-impl v0.1.2
[1m[92m  Downloaded[0m bitflags v2.11.1
[1m[92m  Downloaded[0m stable_deref_trait v1.2.1
[1m[92m  Downloaded[0m gobject-sys v0.18.0
[1m[92m  Downloaded[0m serde_spanned v0.6.9
[1m[92m  Downloaded[0m servo_arc v0.2.0
[1m[92m  Downloaded[0m rand_chacha v0.2.2
[1m[92m  Downloaded[0m time-core v0.1.8
[1m[92m  Downloaded[0m smallvec v1.15.1
[1m[92m  Downloaded[0m unic-char-property v0.9.0
[1m[92m  Downloaded[0m unic-ucd-version v0.9.0
[1m[92m  Downloaded[0m urlpattern v0.3.0
[1m[92m  Downloaded[0m version-compare v0.2.1
[1m[92m  Downloaded[0m zerofrom v0.1.7
[1m[92m  Downloaded[0m walkdir v2.5.0
[1m[92m  Downloaded[0m uuid v1.23.1
[1m[92m  Downloaded[0m tauri v2.10.3
[1m[92m  Downloaded[0m yoke-derive v0.8.2
[1m[92m  Downloaded[0m zerofrom-derive v0.1.7
[1m[92m  Downloaded[0m quote v1.0.45
[1m[92m  Downloaded[0m writeable v0.6.3
[1m[92m  Downloaded[0m zmij v1.0.21
[1m[92m  Downloaded[0m zerovec-derive v0.11.3
[1m[92m  Downloaded[0m unicode-segmentation v1.13.2
[1m[92m  Downloaded[0m x11-dl v2.21.0
[1m[92m  Downloaded[0m winnow v0.7.15
[1m[92m  Downloaded[0m indexmap v2.14.0
[1m[92m  Downloaded[0m winnow v1.0.1
[1m[92m  Downloaded[0m regex v1.12.3
[1m[92m  Downloaded[0m idna v1.1.0
[1m[92m  Downloaded[0m wry v0.54.4
[1m[92m  Downloaded[0m zerovec v0.11.6
[1m[92m  Downloaded[0m zerocopy v0.8.48
[1m[92m  Downloaded[0m zerotrie v0.2.4
[1m[92m  Downloaded[0m tauri-utils v2.8.3
[1m[92m  Downloaded[0m icu_properties_data v2.2.0
[1m[92m  Downloaded[0m winnow v0.5.40
[1m[92m  Downloaded[0m webkit2gtk v2.0.2
[1m[92m  Downloaded[0m regex-syntax v0.8.10
[1m[92m  Downloaded[0m url v2.5.8
[1m[92m  Downloaded[0m rand v0.7.3
[1m[92m  Downloaded[0m png v0.17.16
[1m[92m  Downloaded[0m mio v1.2.0
[1m[92m  Downloaded[0m x11 v2.21.0
[1m[92m  Downloaded[0m toml_edit v0.20.2
[1m[92m  Downloaded[0m toml_edit v0.19.15
[1m[92m  Downloaded[0m schemars v1.2.1
[1m[92m  Downloaded[0m socket2 v0.6.3
[1m[92m  Downloaded[0m rand v0.8.6
[1m[92m  Downloaded[0m muda v0.17.2
[1m[92m  Downloaded[0m miniz_oxide v0.8.9
[1m[92m  Downloaded[0m memchr v2.8.0
[1m[92m  Downloaded[0m tokio v1.52.1
[1m[92m  Downloaded[0m schemars v0.9.0
[1m[92m  Downloaded[0m schemars v0.8.22
[1m[92m  Downloaded[0m icu_collections v2.2.0
[1m[92m  Downloaded[0m regex-automata v0.4.14
[1m[92m  Downloaded[0m yoke v0.8.2
[1m[92m  Downloaded[0m proc-macro2 v1.0.106
[1m[92m  Downloaded[0m pango v0.18.3
[1m[92m  Downloaded[0m libc v0.2.185
[1m[92m  Downloaded[0m num-traits v0.2.19
[1m[92m  Downloaded[0m log v0.4.29
[1m[92m  Downloaded[0m indexmap v1.9.3
[1m[92m  Downloaded[0m icu_normalizer v2.2.0
[1m[92m  Downloaded[0m brotli v8.0.2
[1m[92m  Downloaded[0m tinystr v0.8.3
[1m[92m  Downloaded[0m tendril v0.4.3
[1m[92m  Downloaded[0m markup5ever v0.14.1
[1m[92m  Downloaded[0m libappindicator v0.9.0
[1m[92m  Downloaded[0m pin-project-lite v0.2.17
[1m[92m  Downloaded[0m lock_api v0.4.14
[1m[92m  Downloaded[0m litemap v0.8.2
[1m[92m  Downloaded[0m json-patch v3.0.1
[1m[92m  Downloaded[0m ico v0.5.0
[1m[92m  Downloaded[0m gtk v0.18.2
[1m[92m  Downloaded[0m typenum v1.20.0
[1m[92m  Downloaded[0m ts-rs-macros v12.0.1
[1m[92m  Downloaded[0m toml_datetime v0.7.5+spec-1.1.0
[1m[92m  Downloaded[0m time-macros v0.2.27
[1m[92m  Downloaded[0m tauri-winres v0.3.5
[1m[92m  Downloaded[0m synstructure v0.13.2
[1m[92m  Downloaded[0m syn v2.0.117
[1m[92m  Downloaded[0m serde_derive_internals v0.29.1
[1m[92m  Downloaded[0m semver v1.0.28
[1m[92m  Downloaded[0m selectors v0.24.0
[1m[92m  Downloaded[0m pkg-config v0.3.33
[1m[92m  Downloaded[0m phf_macros v0.11.3
[1m[92m  Downloaded[0m parking_lot_core v0.9.12
[1m[92m  Downloaded[0m parking_lot v0.12.5
[1m[92m  Downloaded[0m once_cell v1.21.4
[1m[92m  Downloaded[0m libloading v0.7.4
[1m[92m  Downloaded[0m keyboard-types v0.7.0
[1m[92m  Downloaded[0m jsonptr v0.6.3
[1m[92m  Downloaded[0m javascriptcore-rs v1.1.2
[1m[92m  Downloaded[0m icu_provider v2.2.0
[1m[92m  Downloaded[0m tao v0.34.8
[1m[92m  Downloaded[0m syn v1.0.109
[1m[92m  Downloaded[0m serde-untagged v0.1.9
[1m[92m  Downloaded[0m schemars_derive v0.8.22
[1m[92m  Downloaded[0m raw-window-handle v0.6.2
[1m[92m  Downloaded[0m rand_core v0.6.4
[1m[92m  Downloaded[0m rand_core v0.5.1
[1m[92m  Downloaded[0m rand_chacha v0.3.1
[1m[92m  Downloaded[0m proc-macro-error v1.0.4
[1m[92m  Downloaded[0m ppv-lite86 v0.2.21
[1m[92m  Downloaded[0m phf_macros v0.10.0
[1m[92m  Downloaded[0m pango-sys v0.18.0
[1m[92m  Downloaded[0m infer v0.19.0
[1m[92m  Downloaded[0m toml_datetime v0.6.3
[1m[92m  Downloaded[0m time v0.3.47
[1m[92m  Downloaded[0m strsim v0.11.1
[1m[92m  Downloaded[0m string_cache_codegen v0.5.4
[1m[92m  Downloaded[0m icu_locale_core v2.2.0
[1m[92m  Downloaded[0m glib v0.18.5
[1m[92m  Downloaded[0m chrono v0.4.44
[1m[92m  Downloaded[0m icu_normalizer_data v2.2.0
[1m[92m  Downloaded[0m gio v0.18.4
[1m[92m  Downloaded[0m webkit2gtk-sys v2.0.2
[1m[92m  Downloaded[0m version_check v0.9.5
[1m[92m  Downloaded[0m serde_with v3.18.0
[1m[92m  Downloaded[0m phf v0.11.3
[1m[92m  Downloaded[0m memoffset v0.9.1
[1m[92m  Downloaded[0m kuchikiki v0.8.8-speedreader
[1m[92m  Downloaded[0m futures-util v0.3.32
[1m[92m  Downloaded[0m brotli-decompressor v5.0.0
[1m[92m  Downloaded[0m utf8_iter v1.0.4
[1m[92m  Downloaded[0m utf-8 v0.7.6
[1m[92m  Downloaded[0m serde_json v1.0.149
[1m[92m  Downloaded[0m scopeguard v1.2.0
[1m[92m  Downloaded[0m ref-cast v1.0.25
[1m[92m  Downloaded[0m proc-macro-hack v0.5.20+deprecated
[1m[92m  Downloaded[0m precomputed-hash v0.1.1
[1m[92m  Downloaded[0m matches v0.1.10
[1m[92m  Downloaded[0m hashbrown v0.17.0
[1m[92m  Downloaded[0m gtk-sys v0.18.2
[1m[92m  Downloaded[0m unicode-ident v1.0.24
[1m[92m  Downloaded[0m unic-ucd-ident v0.9.0
[1m[92m  Downloaded[0m ts-rs v12.0.1
[1m[92m  Downloaded[0m tray-icon v0.21.3
[1m[92m  Downloaded[0m hashbrown v0.12.3
[1m[92m  Downloaded[0m unic-common v0.9.0
[1m[92m  Downloaded[0m unic-char-range v0.9.0
[1m[92m  Downloaded[0m toml_parser v1.1.2+spec-1.1.0
[1m[92m  Downloaded[0m toml v0.9.12+spec-1.1.0
[1m[92m  Downloaded[0m toml v0.8.2
[1m[92m  Downloaded[0m tauri-runtime-wry v2.10.1
[1m[92m  Downloaded[0m tauri-macros v2.5.5
[1m[92m  Downloaded[0m tauri-codegen v2.5.5
[1m[92m  Downloaded[0m tauri-build v2.5.6
[1m[92m  Downloaded[0m rustc_version v0.4.1
[1m[92m  Downloaded[0m http v1.4.0
[1m[92m  Downloaded[0m gio-sys v0.18.1
[1m[92m  Downloaded[0m gdk-sys v0.18.2
[1m[92m  Downloaded[0m flate2 v1.1.9
[1m[92m  Downloaded[0m darling_core v0.23.0
[1m[92m  Downloaded[0m crossbeam-channel v0.5.15
[1m[92m  Downloaded[0m cc v1.2.60
[1m[92m  Downloaded[0m typeid v1.0.3
[1m[92m  Downloaded[0m toml_writer v1.1.1+spec-1.1.0
[1m[92m  Downloaded[0m thiserror-impl v2.0.18
[1m[92m  Downloaded[0m thiserror-impl v1.0.69
[1m[92m  Downloaded[0m thiserror v2.0.18
[1m[92m  Downloaded[0m thiserror v1.0.69
[1m[92m  Downloaded[0m termcolor v1.4.1
[1m[92m  Downloaded[0m tauri-runtime v2.10.1
[1m[92m  Downloaded[0m soup3 v0.5.0
[1m[92m  Downloaded[0m ref-cast-impl v1.0.25
[1m[92m  Downloaded[0m idna_adapter v1.2.1
[1m[92m  Downloaded[0m glib-macros v0.18.5
[1m[92m  Downloaded[0m getrandom v0.3.4
[1m[92m  Downloaded[0m derive_more v0.99.20
[1m[92m  Downloaded[0m sha2 v0.10.9
[1m[92m  Downloaded[0m html5ever v0.29.1
[1m[92m  Downloaded[0m glib-sys v0.18.1
[1m[92m  Downloaded[0m getrandom v0.4.2
[1m[92m  Downloaded[0m crossbeam-utils v0.8.21
[1m[92m  Downloaded[0m crc32fast v1.5.0
[1m[92m  Downloaded[0m cookie v0.18.1
[1m[92m  Downloaded[0m cfg-expr v0.15.8
[1m[92m  Downloaded[0m cfb v0.7.3
[1m[92m  Downloaded[0m cairo-rs v0.18.5
[1m[92m  Downloaded[0m target-lexicon v0.12.16
[1m[92m  Downloaded[0m system-deps v6.2.2
[1m[92m  Downloaded[0m string_cache v0.8.9
[1m[92m  Downloaded[0m soup3-sys v0.5.0
[1m[92m  Downloaded[0m slab v0.4.12
[1m[92m  Downloaded[0m simd-adler32 v0.3.9
[1m[92m  Downloaded[0m shlex v1.3.0
[1m[92m  Downloaded[0m serde_with_macros v3.18.0
[1m[92m  Downloaded[0m proc-macro-error-attr v1.0.4
[1m[92m  Downloaded[0m proc-macro-crate v2.0.2
[1m[92m  Downloaded[0m proc-macro-crate v1.3.1
[1m[92m  Downloaded[0m powerfmt v0.2.0
[1m[92m  Downloaded[0m phf_shared v0.8.0
[1m[92m  Downloaded[0m phf_generator v0.11.3
[1m[92m  Downloaded[0m itoa v1.0.18
[1m[92m  Downloaded[0m iana-time-zone v0.1.65
[1m[92m  Downloaded[0m cssparser v0.29.6
[1m[92m  Downloaded[0m camino v1.2.2
[1m[92m  Downloaded[0m potential_utf v0.1.5
[1m[92m  Downloaded[0m percent-encoding v2.3.2
[1m[92m  Downloaded[0m gdk-pixbuf v0.18.5
[1m[92m  Downloaded[0m gdk v0.18.2
[1m[92m  Downloaded[0m futures-channel v0.3.32
[1m[92m  Downloaded[0m erased-serde v0.4.10
[1m[92m  Downloaded[0m digest v0.10.7
[1m[92m  Downloaded[0m darling v0.23.0
[1m[92m  Downloaded[0m cpufeatures v0.2.17
[1m[92m  Downloaded[0m cargo_toml v0.22.3
[1m[92m  Downloaded[0m siphasher v1.0.2
[1m[92m  Downloaded[0m siphasher v0.3.11
[1m[92m  Downloaded[0m serde_repr v0.1.20
[1m[92m  Downloaded[0m phf_shared v0.11.3
[1m[92m  Downloaded[0m phf_shared v0.10.0
[1m[92m  Downloaded[0m phf_generator v0.10.0
[1m[92m  Downloaded[0m phf_codegen v0.11.3
[1m[92m  Downloaded[0m nodrop v0.1.14
[1m[92m  Downloaded[0m libappindicator-sys v0.9.0
[1m[92m  Downloaded[0m getrandom v0.2.17
[1m[92m  Downloaded[0m getrandom v0.1.16
[1m[92m  Downloaded[0m embed-resource v3.0.8
[1m[92m  Downloaded[0m dtoa v1.0.11
[1m[92m  Downloaded[0m dlopen2 v0.8.2
[1m[92m  Downloaded[0m displaydoc v0.2.5
[1m[92m  Downloaded[0m deranged v0.5.8
[1m[92m  Downloaded[0m serialize-to-javascript v0.1.2
[1m[92m  Downloaded[0m serde_spanned v1.1.1
[1m[92m  Downloaded[0m num-conv v0.2.1
[1m[92m  Downloaded[0m glob v0.3.3
[1m[92m  Downloaded[0m fxhash v0.2.1
[1m[92m  Downloaded[0m cargo-platform v0.1.9
[1m[92m  Downloaded[0m dyn-clone v1.0.20
[1m[92m  Downloaded[0m dunce v1.0.5
[1m[92m  Downloaded[0m ctor v0.2.9
[1m[92m  Downloaded[0m byteorder v1.5.0
[1m[92m  Downloaded[0m block-buffer v0.10.4
[1m[92m  Downloaded[0m rand_pcg v0.2.1
[1m[92m  Downloaded[0m new_debug_unreachable v1.0.6
[1m[92m  Downloaded[0m mac v0.1.1
[1m[92m  Downloaded[0m hex v0.4.3
[1m[92m  Downloaded[0m futf v0.1.5
[1m[92m  Downloaded[0m heck v0.4.1
[1m[92m  Downloaded[0m gdkwayland-sys v0.18.2
[1m[92m  Downloaded[0m futures-core v0.3.32
[1m[92m  Downloaded[0m dlopen2_derive v0.4.3
[1m[92m  Downloaded[0m dirs v6.0.0
[1m[92m  Downloaded[0m crypto-common v0.1.7
[1m[92m  Downloaded[0m match_token v0.1.0
[1m[92m  Downloaded[0m gdkx11-sys v0.18.2
[1m[92m  Downloaded[0m futures-io v0.3.32
[1m[92m  Downloaded[0m form_urlencoded v1.2.2
[1m[92m  Downloaded[0m dirs-sys v0.5.0
[1m[92m  Downloaded[0m cairo-sys-rs v0.18.2
[1m[92m  Downloaded[0m dpi v0.1.2
[1m[92m  Downloaded[0m field-offset v0.3.6
[1m[92m  Downloaded[0m dtoa-short v0.3.5
[1m[92m  Downloaded[0m convert_case v0.4.0
[1m[92m  Downloaded[0m futures-sink v0.3.32
[1m[92m  Downloaded[0m futures-executor v0.3.32
[1m[92m  Downloaded[0m fdeflate v0.3.7
[1m[92m  Downloaded[0m autocfg v1.5.0
[1m[92m  Downloaded[0m atk-sys v0.18.2
[1m[92m   Compiling[0m proc-macro2 v1.0.106
[1m[92m   Compiling[0m unicode-ident v1.0.24
[1m[92m   Compiling[0m quote v1.0.45
[1m[92m   Compiling[0m serde_core v1.0.228
[1m[92m   Compiling[0m syn v2.0.117
[1m[92m   Compiling[0m serde v1.0.228
[1m[92m   Compiling[0m libc v0.2.185
[1m[92m   Compiling[0m smallvec v1.15.1
[1m[92m   Compiling[0m equivalent v1.0.2
[1m[92m   Compiling[0m hashbrown v0.17.0
[1m[92m   Compiling[0m indexmap v2.14.0
[1m[92m   Compiling[0m pkg-config v0.3.33
[1m[92m   Compiling[0m winnow v0.5.40
[1m[92m   Compiling[0m serde_derive v1.0.228
[1m[92m   Compiling[0m heck v0.5.0
[1m[92m   Compiling[0m target-lexicon v0.12.16
[1m[92m   Compiling[0m cfg-expr v0.15.8
[1m[92m   Compiling[0m version-compare v0.2.1
[1m[92m   Compiling[0m cfg-if v1.0.4
[1m[92m   Compiling[0m synstructure v0.13.2
[1m[92m   Compiling[0m zerofrom-derive v0.1.7
[1m[92m   Compiling[0m toml_datetime v0.6.3
[1m[92m   Compiling[0m serde_spanned v0.6.9
[1m[92m   Compiling[0m toml_edit v0.20.2
[1m[92m   Compiling[0m memchr v2.8.0
[1m[92m   Compiling[0m zerofrom v0.1.7
[1m[92m   Compiling[0m yoke-derive v0.8.2
[1m[92m   Compiling[0m toml v0.8.2
[1m[92m   Compiling[0m system-deps v6.2.2
[1m[92m   Compiling[0m zerocopy v0.8.48
[1m[92m   Compiling[0m zerovec-derive v0.11.3
[1m[92m   Compiling[0m syn v1.0.109
[1m[92m   Compiling[0m version_check v0.9.5
[1m[92m   Compiling[0m ppv-lite86 v0.2.21
[1m[92m   Compiling[0m displaydoc v0.2.5
[1m[92m   Compiling[0m glib-sys v0.18.1
[1m[92m   Compiling[0m gobject-sys v0.18.0
[1m[92m   Compiling[0m getrandom v0.2.17
[1m[92m   Compiling[0m thiserror v1.0.69
[1m[92m   Compiling[0m rand_core v0.6.4
[1m[92m   Compiling[0m thiserror-impl v1.0.69
[1m[92m   Compiling[0m litemap v0.8.2
[1m[92m   Compiling[0m writeable v0.6.3
[1m[92m   Compiling[0m rand_chacha v0.3.1
[1m[92m   Compiling[0m rand v0.8.6
[1m[92m   Compiling[0m itoa v1.0.18
[1m[92m   Compiling[0m utf8_iter v1.0.4
[1m[92m   Compiling[0m gio-sys v0.18.1
[1m[92m   Compiling[0m stable_deref_trait v1.2.1
[1m[92m   Compiling[0m icu_normalizer_data v2.2.0
[1m[92m   Compiling[0m siphasher v1.0.2
[1m[92m   Compiling[0m icu_properties_data v2.2.0
[1m[92m   Compiling[0m phf_shared v0.11.3
[1m[92m   Compiling[0m autocfg v1.5.0
[1m[92m   Compiling[0m yoke v0.8.2
[1m[92m   Compiling[0m proc-macro-error-attr v1.0.4
[1m[92m   Compiling[0m semver v1.0.28
[1m[92m   Compiling[0m zmij v1.0.21
[1m[92m   Compiling[0m phf_generator v0.11.3
[1m[92m   Compiling[0m proc-macro-error v1.0.4
[1m[92m   Compiling[0m siphasher v0.3.11
[1m[92m   Compiling[0m once_cell v1.21.4
[1m[92m   Compiling[0m zerovec v0.11.6
[1m[92m   Compiling[0m gdk-sys v0.18.2
[1m[92m   Compiling[0m getrandom v0.1.16
[1m[92m   Compiling[0m futures-core v0.3.32
[1m[92m   Compiling[0m pin-project-lite v0.2.17
[1m[92m   Compiling[0m futures-macro v0.3.32
[1m[92m   Compiling[0m slab v0.4.12
[1m[92m   Compiling[0m futures-task v0.3.32
[1m[92m   Compiling[0m parking_lot_core v0.9.12
[1m[92m   Compiling[0m byteorder v1.5.0
[1m[92m   Compiling[0m futures-util v0.3.32
[1m[92m   Compiling[0m bitflags v2.11.1
[1m[92m   Compiling[0m proc-macro-crate v2.0.2
[1m[92m   Compiling[0m heck v0.4.1
[1m[92m   Compiling[0m bitflags v1.3.2
[1m[92m   Compiling[0m glib-macros v0.18.5
[1m[92m   Compiling[0m futures-executor v0.3.32
[1m[92m   Compiling[0m rand_core v0.5.1
[1m[92m   Compiling[0m futures-channel v0.3.32
[1m[92m   Compiling[0m tinystr v0.8.3
[1m[92m   Compiling[0m rustc_version v0.4.1
[1m[92m   Compiling[0m gdk-pixbuf-sys v0.18.0
[1m[92m   Compiling[0m pango-sys v0.18.0
[1m[92m   Compiling[0m cairo-sys-rs v0.18.2
[1m[92m   Compiling[0m strsim v0.11.1
[1m[92m   Compiling[0m typeid v1.0.3
[1m[92m   Compiling[0m winnow v1.0.1
[1m[92m   Compiling[0m scopeguard v1.2.0
[1m[92m   Compiling[0m thiserror v2.0.18
[1m[92m   Compiling[0m ident_case v1.0.1
[1m[92m   Compiling[0m glib v0.18.5
[1m[92m   Compiling[0m darling_core v0.23.0
[1m[92m   Compiling[0m lock_api v0.4.14
[1m[92m   Compiling[0m toml_parser v1.1.2+spec-1.1.0
[1m[92m   Compiling[0m icu_locale_core v2.2.0
[1m[92m   Compiling[0m potential_utf v0.1.5
[1m[92m   Compiling[0m phf_macros v0.11.3
[1m[92m   Compiling[0m zerotrie v0.2.4
[1m[92m   Compiling[0m atk-sys v0.18.2
[1m[92m   Compiling[0m thiserror-impl v2.0.18
[1m[92m   Compiling[0m erased-serde v0.4.10
[1m[92m   Compiling[0m log v0.4.29
[1m[92m   Compiling[0m toml_writer v1.1.1+spec-1.1.0
[1m[92m   Compiling[0m winnow v0.7.15
[1m[92m   Compiling[0m icu_provider v2.2.0
[1m[92m   Compiling[0m icu_collections v2.2.0
[1m[92m   Compiling[0m darling_macro v0.23.0
[1m[92m   Compiling[0m rand_chacha v0.2.2
[1m[92m   Compiling[0m rand_pcg v0.2.1
[1m[92m   Compiling[0m phf_shared v0.8.0
[1m[92m   Compiling[0m aho-corasick v1.1.4
[1m[92m   Compiling[0m unic-char-range v0.9.0
[1m[92m   Compiling[0m unic-common v0.9.0
[1m[92m   Compiling[0m proc-macro-hack v0.5.20+deprecated
[1m[92m   Compiling[0m fnv v1.0.7
[1m[92m   Compiling[0m regex-syntax v0.8.10
[1m[92m   Compiling[0m regex-automata v0.4.14
[1m[92m   Compiling[0m unic-ucd-version v0.9.0
[1m[92m   Compiling[0m unic-char-property v0.9.0
[1m[92m   Compiling[0m rand v0.7.3
[1m[92m   Compiling[0m darling v0.23.0
[1m[92m   Compiling[0m phf_shared v0.10.0
[1m[92m   Compiling[0m new_debug_unreachable v1.0.6
[1m[92m   Compiling[0m serde_json v1.0.149
[1m[92m   Compiling[0m bytes v1.11.1
[1m[92m   Compiling[0m gio v0.18.4
[1m[92m   Compiling[0m alloc-no-stdlib v2.0.4
[1m[92m   Compiling[0m getrandom v0.4.2
[1m[92m   Compiling[0m alloc-stdlib v0.2.2
[1m[92m   Compiling[0m phf_generator v0.10.0
[1m[92m   Compiling[0m serde_with_macros v3.18.0
[1m[92m   Compiling[0m phf_generator v0.8.0
[1m[92m   Compiling[0m regex v1.12.3
[1m[92m   Compiling[0m unic-ucd-ident v0.9.0
[1m[92m   Compiling[0m icu_properties v2.2.0
[1m[92m   Compiling[0m icu_normalizer v2.2.0
[1m[92m   Compiling[0m string_cache_codegen v0.5.4
[1m[92m   Compiling[0m phf_codegen v0.11.3
[1m[92m   Compiling[0m gtk-sys v0.18.2
[1m[92m   Compiling[0m futures-io v0.3.32
[1m[92m   Compiling[0m anyhow v1.0.102
[1m[92m   Compiling[0m precomputed-hash v0.1.1
[1m[92m   Compiling[0m mac v0.1.1
[1m[92m   Compiling[0m futf v0.1.5
[1m[92m   Compiling[0m markup5ever v0.14.1
[1m[92m   Compiling[0m parking_lot v0.12.5
[1m[92m   Compiling[0m idna_adapter v1.2.1
[1m[92m   Compiling[0m phf_macros v0.10.0
[1m[92m   Compiling[0m phf_codegen v0.8.0
[1m[92m   Compiling[0m brotli-decompressor v5.0.0
[1m[92m   Compiling[0m http v1.4.0
[1m[92m   Compiling[0m cssparser v0.29.6
[1m[92m   Compiling[0m serde_spanned v1.1.1
[1m[92m   Compiling[0m toml_datetime v0.7.5+spec-1.1.0
[1m[92m   Compiling[0m dunce v1.0.5
[1m[92m   Compiling[0m dtoa v1.0.11
[1m[92m   Compiling[0m same-file v1.0.6
[1m[92m   Compiling[0m utf-8 v0.7.6
[1m[92m   Compiling[0m percent-encoding v2.3.2
[1m[92m   Compiling[0m form_urlencoded v1.2.2
[1m[92m   Compiling[0m tendril v0.4.3
[1m[92m   Compiling[0m walkdir v2.5.0
[1m[92m   Compiling[0m dtoa-short v0.3.5
[1m[92m   Compiling[0m toml v0.9.12+spec-1.1.0
[1m[92m   Compiling[0m uuid v1.23.1
[1m[92m   Compiling[0m brotli v8.0.2
[1m[92m   Compiling[0m selectors v0.24.0
[1m[92m   Compiling[0m phf v0.10.1
[1m[92m   Compiling[0m idna v1.1.0
[1m[92m   Compiling[0m string_cache v0.8.9
[1m[92m   Compiling[0m phf v0.11.3
[1m[92m   Compiling[0m indexmap v1.9.3
[1m[92m   Compiling[0m cssparser-macros v0.6.1
[1m[92m   Compiling[0m ctor v0.2.9
[1m[92m   Compiling[0m camino v1.2.2
[1m[92m   Compiling[0m nodrop v0.1.14
[1m[92m   Compiling[0m matches v0.1.10
[1m[92m   Compiling[0m convert_case v0.4.0
[1m[92m   Compiling[0m glob v0.3.3
[1m[92m   Compiling[0m derive_more v0.99.20
[1m[92m   Compiling[0m servo_arc v0.2.0
[1m[92m   Compiling[0m url v2.5.8
[1m[92m   Compiling[0m phf v0.8.0
[1m[92m   Compiling[0m fxhash v0.2.1
[1m[92m   Compiling[0m memoffset v0.9.1
[1m[92m   Compiling[0m match_token v0.1.0
[1m[92m   Compiling[0m serde_derive_internals v0.29.1
[1m[92m   Compiling[0m schemars v0.8.22
[1m[92m   Compiling[0m hashbrown v0.12.3
[1m[92m   Compiling[0m schemars_derive v0.8.22
[1m[92m   Compiling[0m html5ever v0.29.1
[1m[92m   Compiling[0m cfb v0.7.3
[1m[92m   Compiling[0m gdk-pixbuf v0.18.5
[1m[92m   Compiling[0m pango v0.18.3
[1m[92m   Compiling[0m jsonptr v0.6.3
[1m[92m   Compiling[0m cairo-rs v0.18.5
[1m[92m   Compiling[0m field-offset v0.3.6
[1m[92m   Compiling[0m toml_edit v0.19.15
[1m[92m   Compiling[0m cargo-platform v0.1.9
[1m[92m   Compiling[0m option-ext v0.2.0
[1m[92m   Compiling[0m dyn-clone v1.0.20
[1m[92m   Compiling[0m proc-macro-crate v1.3.1
[1m[92m   Compiling[0m dirs-sys v0.5.0
[1m[92m   Compiling[0m cargo_metadata v0.19.2
[1m[92m   Compiling[0m gdk v0.18.2
[1m[92m   Compiling[0m serde-untagged v0.1.9
[1m[92m   Compiling[0m json-patch v3.0.1
[1m[92m   Compiling[0m infer v0.19.0
[1m[92m   Compiling[0m kuchikiki v0.8.8-speedreader
[1m[92m   Compiling[0m urlpattern v0.3.0
[1m[92m   Compiling[0m serde_with v3.18.0
[1m[92m   Compiling[0m generic-array v0.14.7
[1m[92m   Compiling[0m javascriptcore-rs-sys v1.1.1
[1m[92m   Compiling[0m soup3-sys v0.5.0
[1m[92m   Compiling[0m gtk v0.18.2
[1m[92m   Compiling[0m shlex v1.3.0
[1m[92m   Compiling[0m find-msvc-tools v0.1.9
[1m[92m   Compiling[0m cc v1.2.60
[1m[92m   Compiling[0m tauri-utils v2.8.3
[1m[92m   Compiling[0m gtk3-macros v0.18.2
[1m[92m   Compiling[0m dirs v6.0.0
[1m[92m   Compiling[0m atk v0.18.2
[1m[92m   Compiling[0m webkit2gtk-sys v2.0.2
[1m[92m   Compiling[0m x11 v2.21.0
[1m[92m   Compiling[0m simd-adler32 v0.3.9
[1m[92m   Compiling[0m crc32fast v1.5.0
[1m[92m   Compiling[0m typenum v1.20.0
[1m[92m   Compiling[0m embed-resource v3.0.8
[1m[92m   Compiling[0m gdkx11-sys v0.18.2
[1m[92m   Compiling[0m num-conv v0.2.1
[1m[92m   Compiling[0m time-core v0.1.8
[1m[92m   Compiling[0m adler2 v2.0.1
[1m[92m   Compiling[0m powerfmt v0.2.0
[1m[92m   Compiling[0m crossbeam-utils v0.8.21
[1m[92m   Compiling[0m deranged v0.5.8
[1m[92m   Compiling[0m miniz_oxide v0.8.9
[1m[92m   Compiling[0m time-macros v0.2.27
[1m[92m   Compiling[0m tauri-winres v0.3.5
[1m[92m   Compiling[0m cargo_toml v0.22.3
[1m[92m   Compiling[0m dpi v0.1.2
[1m[92m   Compiling[0m cookie v0.18.1
[1m[92m   Compiling[0m x11-dl v2.21.0
[1m[92m   Compiling[0m tauri-build v2.5.6
[1m[92m   Compiling[0m flate2 v1.1.9
[1m[92m   Compiling[0m time v0.3.47
[1m[92m   Compiling[0m soup3 v0.5.0
[1m[92m   Compiling[0m javascriptcore-rs v1.1.2
[1m[92m   Compiling[0m crypto-common v0.1.7
[1m[92m   Compiling[0m block-buffer v0.10.4
[1m[92m   Compiling[0m fdeflate v0.3.7
[1m[92m   Compiling[0m raw-window-handle v0.6.2
[1m[92m   Compiling[0m png v0.17.16
[1m[92m   Compiling[0m webkit2gtk v2.0.2
[1m[92m   Compiling[0m digest v0.10.7
[1m[92m   Compiling[0m crossbeam-channel v0.5.15
[1m[92m   Compiling[0m dlopen2_derive v0.4.3
[1m[92m   Compiling[0m wry v0.54.4
[1m[92m   Compiling[0m termcolor v1.4.1
[1m[92m   Compiling[0m tauri-runtime v2.10.1
[1m[92m   Compiling[0m cpufeatures v0.2.17
[1m[92m   Compiling[0m sha2 v0.10.9
[1m[92m   Compiling[0m ts-rs-macros v12.0.1
[1m[92m   Compiling[0m dlopen2 v0.8.2
[1m[92m   Compiling[0m ico v0.5.0
[1m[92m   Compiling[0m gdkx11 v0.18.2
[1m[92m   Compiling[0m tauri v2.10.3
[1m[92m   Compiling[0m gdkwayland-sys v0.18.2
[1m[92m   Compiling[0m getrandom v0.3.4
[1m[92m   Compiling[0m unicode-segmentation v1.13.2
[1m[92m   Compiling[0m base64 v0.22.1
[1m[92m   Compiling[0m tauri-runtime-wry v2.10.1
[1m[92m   Compiling[0m tauri-codegen v2.5.5
[1m[92m   Compiling[0m keyboard-types v0.7.0
[1m[92m   Compiling[0m tao v0.34.8
[1m[92m   Compiling[0m ts-rs v12.0.1
[1m[92m   Compiling[0m serialize-to-javascript-impl v0.1.2
[1m[92m   Compiling[0m serialize-to-javascript v0.1.2
[1m[92m   Compiling[0m spike-08-contract-runtime v0.1.0 (/home/runner/work/vibestation/vibestation/docs/spikes/code/SPIKE-08/src-tauri)
[1m[92m   Compiling[0m muda v0.17.2
[1m[92m   Compiling[0m tauri-macros v2.5.5
[1m[92m   Compiling[0m tokio v1.52.1
[1m[92m   Compiling[0m serde_repr v0.1.20
[1m[92m   Compiling[0m mime v0.3.17
[1m[92m    Finished[0m `dev` profile [unoptimized + debuginfo] target(s) in 2m 39s

> spike-08-contract-runtime@0.1.0 build:web /home/runner/work/vibestation/vibestation/docs/spikes/code/SPIKE-08
> tsc --noEmit && vite build

[36mvite v6.4.2 [32mbuilding for production...[36m[39m
transforming...
[32m✓[39m 10 modules transformed.
rendering chunks...
computing gzip size...
[2mdist/[22m[32mindex.html                 [39m[1m[2m 0.43 kB[22m[1m[22m[2m │ gzip: 0.32 kB[22m
[2mdist/[22m[2massets/[22m[35mindex-BYYkMJxo.css  [39m[1m[2m 3.45 kB[22m[1m[22m[2m │ gzip: 1.38 kB[22m
[2mdist/[22m[2massets/[22m[36mindex-DtGKuTV5.js   [39m[1m[2m16.25 kB[22m[1m[22m[2m │ gzip: 6.62 kB[22m
[32m✓ built in 468ms[39m
[1m[92m   Compiling[0m tauri v2.10.3
[1m[92m   Compiling[0m tauri-macros v2.5.5
[1m[92m   Compiling[0m spike-08-contract-runtime v0.1.0 (/home/runner/work/vibestation/vibestation/docs/spikes/code/SPIKE-08/src-tauri)
[1m[92m    Finished[0m `dev` profile [unoptimized + debuginfo] target(s) in 16.61s
       Built application at: /home/runner/work/vibestation/vibestation/docs/spikes/code/SPIKE-08/target/debug/spike-08-contract-runtime
