(node:31154) Warning: The 'NO_COLOR' env is ignored due to the 'FORCE_COLOR' env being set.
(Use `node --trace-warnings ...` to show where the warning was created)
(node:31156) Warning: The 'NO_COLOR' env is ignored due to the 'FORCE_COLOR' env being set.
(Use `node --trace-warnings ...` to show where the warning was created)
(node:31209) Warning: The 'NO_COLOR' env is ignored due to the 'FORCE_COLOR' env being set.
(Use `node --trace-warnings ...` to show where the warning was created)
Benchmarking is an experimental feature.
Breaking changes might not follow SemVer, please pin Vitest's version when using it.

 RUN  v4.1.5 /private/tmp/MVP-15-phase-D-bench-work/web


 RUN  v4.1.5 /private/tmp/MVP-15-phase-D-bench-work/web

(node:31238) Warning: The 'NO_COLOR' env is ignored due to the 'FORCE_COLOR' env being set.
(Use `node --trace-warnings ...` to show where the warning was created)

 ✓ tests/utils/shiki/bench/lru-cache-hit.bench.ts > MVP-15 Phase D §F.4 LRU cache hit
     name                                                             hz     min     max    mean     p75     p99    p995    p999     rme  samples
   · ShikiAdapter second highlight same key 1MB TypeScript  1,670,026.65  0.0005  0.1455  0.0006  0.0006  0.0013  0.0018  0.0069  ±5.95%     8351

 ✓ tests/utils/shiki/bench/lru-cache-hit.bench.ts > MVP-15 Phase D §F.4 LRU cache hit
     name                                                             hz     min     max    mean     p75     p99    p995    p999     rme  samples
   · ShikiAdapter second highlight same key 1MB TypeScript  1,670,026.65  0.0005  0.1455  0.0006  0.0006  0.0013  0.0018  0.0069  ±5.95%     8351

 BENCH  Summary

  ShikiAdapter second highlight same key 1MB TypeScript - tests/utils/shiki/bench/lru-cache-hit.bench.ts > MVP-15 Phase D §F.4 LRU cache hit


 BENCH  Summary

  ShikiAdapter second highlight same key 1MB TypeScript - tests/utils/shiki/bench/lru-cache-hit.bench.ts > MVP-15 Phase D §F.4 LRU cache hit

