(node:33579) Warning: The 'NO_COLOR' env is ignored due to the 'FORCE_COLOR' env being set.
(Use `node --trace-warnings ...` to show where the warning was created)
(node:33581) Warning: The 'NO_COLOR' env is ignored due to the 'FORCE_COLOR' env being set.
(Use `node --trace-warnings ...` to show where the warning was created)
(node:33582) Warning: The 'NO_COLOR' env is ignored due to the 'FORCE_COLOR' env being set.
(Use `node --trace-warnings ...` to show where the warning was created)
Benchmarking is an experimental feature.
Breaking changes might not follow SemVer, please pin Vitest's version when using it.

 RUN  v4.1.5 /private/tmp/MVP-15-phase-D-bench-work/web


 RUN  v4.1.5 /private/tmp/MVP-15-phase-D-bench-work/web

(node:33588) Warning: The 'NO_COLOR' env is ignored due to the 'FORCE_COLOR' env being set.
(Use `node --trace-warnings ...` to show where the warning was created)
stdout | b.fn (/private/tmp/MVP-15-phase-D-bench-work/web/tests/utils/shiki/bench/memory.bench.ts:61:15)
[mvp-15-memory] heapBeforeMb=49.91 heapAfterMb=105.45 heapDeltaMb=55.54 cacheFiles=6 cacheSizeMb=46.07 gc=available note=jsdom process.memoryUsage heap estimate; Chrome DevTools Memory snapshot deferred

stdout | b.fn (/private/tmp/MVP-15-phase-D-bench-work/web/tests/utils/shiki/bench/memory.bench.ts:61:15)
[mvp-15-memory] heapBeforeMb=49.91 heapAfterMb=105.45 heapDeltaMb=55.54 cacheFiles=6 cacheSizeMb=46.07 gc=available note=jsdom process.memoryUsage heap estimate; Chrome DevTools Memory snapshot deferred


 ✓ tests/utils/shiki/bench/memory.bench.ts > MVP-15 Phase D §F.5 10x1MB heap estimate 19474ms
     name                                                                     hz        min        max       mean        p75        p99       p995       p999     rme  samples
   · highlight 10 distinct 1MB TypeScript variants and report heap delta  0.0514  19,471.23  19,471.23  19,471.23  19,471.23  19,471.23  19,471.23  19,471.23  ±0.00%        1

 ✓ tests/utils/shiki/bench/memory.bench.ts > MVP-15 Phase D §F.5 10x1MB heap estimate 19474ms
     name                                                                     hz        min        max       mean        p75        p99       p995       p999     rme  samples
   · highlight 10 distinct 1MB TypeScript variants and report heap delta  0.0514  19,471.23  19,471.23  19,471.23  19,471.23  19,471.23  19,471.23  19,471.23  ±0.00%        1

 BENCH  Summary

  highlight 10 distinct 1MB TypeScript variants and report heap delta - tests/utils/shiki/bench/memory.bench.ts > MVP-15 Phase D §F.5 10x1MB heap estimate


 BENCH  Summary

  highlight 10 distinct 1MB TypeScript variants and report heap delta - tests/utils/shiki/bench/memory.bench.ts > MVP-15 Phase D §F.5 10x1MB heap estimate

