(node:30804) Warning: The 'NO_COLOR' env is ignored due to the 'FORCE_COLOR' env being set.
(Use `node --trace-warnings ...` to show where the warning was created)
(node:30806) Warning: The 'NO_COLOR' env is ignored due to the 'FORCE_COLOR' env being set.
(Use `node --trace-warnings ...` to show where the warning was created)
(node:30807) Warning: The 'NO_COLOR' env is ignored due to the 'FORCE_COLOR' env being set.
(Use `node --trace-warnings ...` to show where the warning was created)
Benchmarking is an experimental feature.
Breaking changes might not follow SemVer, please pin Vitest's version when using it.

 RUN  v4.1.5 /private/tmp/MVP-15-phase-D-bench-work/web


 RUN  v4.1.5 /private/tmp/MVP-15-phase-D-bench-work/web

(node:30813) Warning: The 'NO_COLOR' env is ignored due to the 'FORCE_COLOR' env being set.
(Use `node --trace-warnings ...` to show where the warning was created)

 ✓ tests/utils/shiki/bench/theme-switch.bench.ts > MVP-15 Phase D §F.3 theme switch signal to cache hit
     name                                                     hz     min     max    mean     p75     p99    p995    p999     rme  samples
   · setShikiTheme + cached highlight 1MB TypeScript  334,902.28  0.0015  0.0745  0.0030  0.0035  0.0140  0.0176  0.0552  ±5.00%     1675

 ✓ tests/utils/shiki/bench/theme-switch.bench.ts > MVP-15 Phase D §F.3 theme switch signal to cache hit
     name                                                     hz     min     max    mean     p75     p99    p995    p999     rme  samples
   · setShikiTheme + cached highlight 1MB TypeScript  334,902.28  0.0015  0.0745  0.0030  0.0035  0.0140  0.0176  0.0552  ±5.00%     1675

 BENCH  Summary

  setShikiTheme + cached highlight 1MB TypeScript - tests/utils/shiki/bench/theme-switch.bench.ts > MVP-15 Phase D §F.3 theme switch signal to cache hit


 BENCH  Summary

  setShikiTheme + cached highlight 1MB TypeScript - tests/utils/shiki/bench/theme-switch.bench.ts > MVP-15 Phase D §F.3 theme switch signal to cache hit

