run=1
[browser-e2e] goto http://127.0.0.1:1420
[browser-e2e] create Golden Path Repo
[browser-e2e] created-id workspace-0001
[browser-e2e] delete-ok 已删除 Golden Path Repo · deleted=workspace-0001 · remaining=0
result=1 success=1 failures=0
run=2
[browser-e2e] goto http://127.0.0.1:1420
[browser-e2e] create Golden Path Repo
[browser-e2e] created-id workspace-0001
[browser-e2e] delete-ok 已删除 Golden Path Repo · deleted=workspace-0001 · remaining=0
result=2 success=2 failures=0
run=3
[browser-e2e] goto http://127.0.0.1:1420
[browser-e2e] create Golden Path Repo
[browser-e2e] created-id workspace-0001
[browser-e2e] delete-ok 已删除 Golden Path Repo · deleted=workspace-0001 · remaining=0
result=3 success=3 failures=0
run=4
[browser-e2e] goto http://127.0.0.1:1420
[browser-e2e] create Golden Path Repo
[browser-e2e] created-id workspace-0001
[browser-e2e] delete-ok 已删除 Golden Path Repo · deleted=workspace-0001 · remaining=0
result=4 success=4 failures=0
run=5
[browser-e2e] goto http://127.0.0.1:1420
[browser-e2e] create Golden Path Repo
[browser-e2e] created-id workspace-0001
[browser-e2e] delete-ok 已删除 Golden Path Repo · deleted=workspace-0001 · remaining=0
result=5 success=5 failures=0
run=6
[browser-e2e] goto http://127.0.0.1:1420
[browser-e2e] create Golden Path Repo
[browser-e2e] created-id workspace-0001
[browser-e2e] delete-ok 已删除 Golden Path Repo · deleted=workspace-0001 · remaining=0
result=6 success=6 failures=0
run=7
[browser-e2e] goto http://127.0.0.1:1420
[browser-e2e] create Golden Path Repo
[browser-e2e] created-id workspace-0001
[browser-e2e] delete-ok 已删除 Golden Path Repo · deleted=workspace-0001 · remaining=0
result=7 success=7 failures=0
run=8
[browser-e2e] goto http://127.0.0.1:1420
[browser-e2e] create Golden Path Repo
[browser-e2e] created-id workspace-0001
[browser-e2e] delete-ok 已删除 Golden Path Repo · deleted=workspace-0001 · remaining=0
result=8 success=8 failures=0
run=9
[browser-e2e] goto http://127.0.0.1:1420
[browser-e2e] create Golden Path Repo
[browser-e2e] created-id workspace-0001
[browser-e2e] delete-ok 已删除 Golden Path Repo · deleted=workspace-0001 · remaining=0
result=9 success=9 failures=0
run=10
[browser-e2e] goto http://127.0.0.1:1420
[browser-e2e] create Golden Path Repo
[browser-e2e] created-id workspace-0001
[browser-e2e] delete-ok 已删除 Golden Path Repo · deleted=workspace-0001 · remaining=0
result=10 success=10 failures=0
summary success=10 failures=0
