    Finished `test` profile [unoptimized + debuginfo] target(s) in 0.09s
     Running unittests src/lib.rs (target/debug/deps/vibestation_core-dbb9db533457fba8)

running 1 test
test db::tests::v5_migration_idempotent ... ok

test result: ok. 1 passed; 0 failed; 0 ignored; 0 measured; 65 filtered out; finished in 0.01s

error: unexpected argument 'db::tests::v5_migration_creates_tabs_table' found

Usage: cargo test [OPTIONS] [TESTNAME] [-- [ARGS]...]

For more information, try '--help'.
   Compiling vibestation-core v0.1.0 (/private/tmp/mvp-04-storage-prep-work/crates/core)
    Finished `test` profile [unoptimized + debuginfo] target(s) in 0.68s
     Running unittests src/lib.rs (target/debug/deps/vibestation_core-dbb9db533457fba8)

running 4 tests
test db::tests::v5_fk_violation_rejected ... ok
test db::tests::v5_migration_creates_tabs_table ... ok
test db::tests::v5_tabs_table_has_fk_and_columns ... ok
test db::tests::v5_migration_idempotent ... ok

test result: ok. 4 passed; 0 failed; 0 ignored; 0 measured; 62 filtered out; finished in 0.01s

   Doc-tests vibestation_core

running 0 tests

test result: ok. 0 passed; 0 failed; 0 ignored; 0 measured; 0 filtered out; finished in 0.00s

