[1m[33mwarning[0m[1m: variable does not need to be mutable[0m
   [1m[94m--> [0mcrates/core/src/pane_service.rs:330:9
    [1m[94m|[0m
[1m[94m330[0m [1m[94m|[0m     let mut conn = pool.get().map_err(DbError::from)?;
    [1m[94m|[0m         [1m[94m----[0m[1m[33m^^^^[0m
    [1m[94m|[0m         [1m[94m|[0m
    [1m[94m|[0m         [1m[94mhelp: remove this `mut`[0m
    [1m[94m|[0m
    [1m[94m= [0m[1mnote[0m: `#[warn(unused_mut)]` (part of `#[warn(unused)]`) on by default

[1m[33mwarning[0m[1m: variable does not need to be mutable[0m
   [1m[94m--> [0mcrates/core/src/pane_service.rs:367:9
    [1m[94m|[0m
[1m[94m367[0m [1m[94m|[0m     let mut conn = pool.get().map_err(DbError::from)?;
    [1m[94m|[0m         [1m[94m----[0m[1m[33m^^^^[0m
    [1m[94m|[0m         [1m[94m|[0m
    [1m[94m|[0m         [1m[94mhelp: remove this `mut`[0m

[1m[33mwarning[0m: `vibestation-core` (lib) generated 2 warnings (run `cargo fix --lib -p vibestation-core` to apply 2 suggestions)
[1m[92m    Finished[0m `bench` profile [optimized] target(s) in 0.34s
[1m[92m     Running[0m benches/rebase_bench.rs (target/release/deps/rebase_bench-16519b5f00cd8979)
Gnuplot not found, using plotters backend
Benchmarking rebase_10_commits_clean/rebase_10_commits_clean
Benchmarking rebase_10_commits_clean/rebase_10_commits_clean: Warming up for 3.0000 s
Benchmarking rebase_10_commits_clean/rebase_10_commits_clean: Collecting 20 samples in estimated 6.1944 s (60 iterations)
Benchmarking rebase_10_commits_clean/rebase_10_commits_clean: Analyzing
rebase_10_commits_clean/rebase_10_commits_clean
                        time:   [53.628 ms 54.572 ms 55.874 ms]
Found 2 outliers among 20 measurements (10.00%)
  1 (5.00%) high mild
  1 (5.00%) high severe

Benchmarking rebase_100_commits_clean/rebase_100_commits_clean
Benchmarking rebase_100_commits_clean/rebase_100_commits_clean: Warming up for 3.0000 s

Warning: Unable to complete 10 samples in 5.0s. You may wish to increase target time to 10.5s.
Benchmarking rebase_100_commits_clean/rebase_100_commits_clean: Collecting 10 samples in estimated 10.462 s (10 iterations)
Benchmarking rebase_100_commits_clean/rebase_100_commits_clean: Analyzing
rebase_100_commits_clean/rebase_100_commits_clean
                        time:   [592.59 ms 607.97 ms 629.63 ms]
Found 2 outliers among 10 measurements (20.00%)
  1 (10.00%) high mild
  1 (10.00%) high severe

Benchmarking merge_no_ff_50_commits/merge_no_ff_50_commits
Benchmarking merge_no_ff_50_commits/merge_no_ff_50_commits: Warming up for 3.0000 s
Benchmarking merge_no_ff_50_commits/merge_no_ff_50_commits: Collecting 20 samples in estimated 9.7192 s (40 iterations)
Benchmarking merge_no_ff_50_commits/merge_no_ff_50_commits: Analyzing
merge_no_ff_50_commits/merge_no_ff_50_commits
                        time:   [34.801 ms 35.357 ms 36.035 ms]
Found 2 outliers among 20 measurements (10.00%)
  1 (5.00%) high mild
  1 (5.00%) high severe

Benchmarking cherrypick_single/cherrypick_single
Benchmarking cherrypick_single/cherrypick_single: Warming up for 3.0000 s
Benchmarking cherrypick_single/cherrypick_single: Collecting 50 samples in estimated 5.5429 s (250 iterations)
Benchmarking cherrypick_single/cherrypick_single: Analyzing
cherrypick_single/cherrypick_single
                        time:   [5.8303 ms 5.8863 ms 5.9477 ms]
Found 1 outliers among 50 measurements (2.00%)
  1 (2.00%) high mild

Benchmarking cherrypick_range_10/cherrypick_range_10
Benchmarking cherrypick_range_10/cherrypick_range_10: Warming up for 3.0000 s
Benchmarking cherrypick_range_10/cherrypick_range_10: Collecting 20 samples in estimated 6.0997 s (80 iterations)
Benchmarking cherrypick_range_10/cherrypick_range_10: Analyzing
cherrypick_range_10/cherrypick_range_10
                        time:   [35.622 ms 36.191 ms 36.783 ms]

Benchmarking conflict_3way_50_files/conflict_3way_50_files_status
Benchmarking conflict_3way_50_files/conflict_3way_50_files_status: Warming up for 3.0000 s

Warning: Unable to complete 20 samples in 5.0s. You may wish to increase target time to 5.4s, or reduce sample count to 10.
Benchmarking conflict_3way_50_files/conflict_3way_50_files_status: Collecting 20 samples in estimated 5.4412 s (20 iterations)
Benchmarking conflict_3way_50_files/conflict_3way_50_files_status: Analyzing
conflict_3way_50_files/conflict_3way_50_files_status
                        time:   [20.030 ms 20.396 ms 20.828 ms]
Found 2 outliers among 20 measurements (10.00%)
  1 (5.00%) high mild
  1 (5.00%) high severe

Benchmarking crash_recovery_detection_clean/crash_recovery_detection_clean
Benchmarking crash_recovery_detection_clean/crash_recovery_detection_clean: Warming up for 3.0000 s
Benchmarking crash_recovery_detection_clean/crash_recovery_detection_clean: Collecting 50 samples in estimated 5.4630 s (500 iterations)
Benchmarking crash_recovery_detection_clean/crash_recovery_detection_clean: Analyzing
crash_recovery_detection_clean/crash_recovery_detection_clean
                        time:   [1.8805 ms 1.8972 ms 1.9151 ms]
Found 2 outliers among 50 measurements (4.00%)
  2 (4.00%) high mild

